------------------------------------------------------------
TimeQuest Timing Analyzer Summary
------------------------------------------------------------

Type  : Slow Model Setup 'CLK'
Slack : -4.581
TNS   : -274.712

Type  : Slow Model Setup 'SWITCH_ETAT2'
Slack : -0.369
TNS   : -0.369

Type  : Slow Model Hold 'SWITCH_ETAT2'
Slack : -1.716
TNS   : -9.305

Type  : Slow Model Hold 'CLK'
Slack : 0.612
TNS   : 0.000

Type  : Slow Model Minimum Pulse Width 'CLK'
Slack : -1.631
TNS   : -158.047

Type  : Slow Model Minimum Pulse Width 'SWITCH_ETAT2'
Slack : -1.631
TNS   : -1.631

Type  : Fast Model Setup 'CLK'
Slack : -1.157
TNS   : -45.189

Type  : Fast Model Setup 'SWITCH_ETAT2'
Slack : 0.749
TNS   : 0.000

Type  : Fast Model Hold 'SWITCH_ETAT2'
Slack : -1.027
TNS   : -5.398

Type  : Fast Model Hold 'CLK'
Slack : 0.212
TNS   : 0.000

Type  : Fast Model Minimum Pulse Width 'CLK'
Slack : -1.380
TNS   : -129.380

Type  : Fast Model Minimum Pulse Width 'SWITCH_ETAT2'
Slack : -1.380
TNS   : -1.380

------------------------------------------------------------
